// Jest Snapshot v1, https://goo.gl/fbAQLP

exports[`Search Component Matches the snapshot 1`] = `
<div
  class="container p-1"
>
   
  <div
    class="card main-search-card mb-4"
  >
    <!---->
     
    <form
      class=""
    >
      <div
        class="form-row"
      >
        <div
          class="p-4 col-md-5 col-12"
        >
          <h1
            class="main-title ml-4 mt-2"
          >
            Aquifer Search
            
            <!---->
          </h1>
           
          <div
            class="form-row"
          >
            <div
              class="pt-3 pl-4 pr-4 aquifer-search-column mt-3 col-md-6 col-12"
            >
              <h5
                class="search-title"
              >
                Search by aquifer name or number (leave blank to see all aquifers)
              </h5>
               
              <fieldset
                class="search-title mt-3 mb-3 b-form-group form-group"
                id="__BVID__27"
                role="group"
              >
                <!---->
                <div
                  class=""
                  role="group"
                >
                  <input
                    class="w-75 form-control"
                    id="aquifers-search-field"
                    type="text"
                  />
                  <!---->
                  <!---->
                  <!---->
                </div>
              </fieldset>
               
              <div
                class="aquifer-checkbox-group custom-controls-stacked"
                id="__BVID__29"
                role="group"
                tabindex="-1"
              />
               
              <div
                class="form-row"
              >
                <fieldset
                  class="aquifer-search-actions b-form-group form-group"
                  id="__BVID__30"
                  role="group"
                >
                  <!---->
                  <div
                    class=""
                    role="group"
                  >
                    <button
                      class="btn aquifer-buttons btn-primary"
                      id="aquifers-search"
                      type="submit"
                    >
                      Search
                    </button>
                     
                    <button
                      class="btn aquifer-buttons btn-default"
                      type="reset"
                    >
                      Reset
                    </button>
                    <!---->
                    <!---->
                    <!---->
                  </div>
                </fieldset>
              </div>
               
              <h6
                class="mt-3"
              >
                Download all aquifers
              </h6>
               
              <ul
                class="aquifer-download-list"
              >
                <li>
                  - 
                  <a
                    href="#"
                  >
                    Aquifer extract (XLSX)
                  </a>
                </li>
                 
                <li>
                  - 
                  <a
                    href="#"
                  >
                    Aquifer extract (CSV)
                  </a>
                </li>
              </ul>
            </div>
             
            <div
              class="pt-3 pl-4 pr-4 mt-3 col-md-6 col-12"
            >
              <!---->
            </div>
          </div>
        </div>
         
        <div
          class="map-column col-md-7 col-12"
        >
          <aquifermap-stub />
        </div>
      </div>
    </form>
     
    <div
      class="row"
    >
      <div
        class="p-5 col-12"
      >
        <div
          class="p-0 container-fluid"
        >
          <div
            class="row"
          >
            <div
              class="mb-3 col-12"
            >
              
              Showing 1 to 0 of 
            
            </div>
          </div>
        </div>
         
        <table
          aria-busy="false"
          aria-colcount="11"
          aria-rowcount="1"
          class="table b-table table-striped border"
          id="aquifers-results"
        >
          <!---->
          <!---->
          <thead
            class=""
          >
            <tr>
              <th
                aria-colindex="1"
                aria-label="Click to sort Descending"
                aria-sort="ascending"
                class="sorting sorting_asc"
                tabindex="0"
              >
                Aquifer number
              </th>
              <th
                aria-colindex="2"
                aria-label="Click to sort Descending"
                class="sorting"
                tabindex="0"
              >
                Aquifer name
              </th>
              <th
                aria-colindex="3"
                aria-label="Click to sort Descending"
                class="sorting"
                tabindex="0"
              >
                Descriptive location
              </th>
              <th
                aria-colindex="4"
                aria-label="Click to sort Descending"
                class="sorting"
                tabindex="0"
              >
                Material
              </th>
              <th
                aria-colindex="5"
                aria-label="Click to sort Descending"
                class="sorting"
                tabindex="0"
              >
                Litho stratigraphic unit
              </th>
              <th
                aria-colindex="6"
                aria-label="Click to sort Descending"
                class="sorting"
                tabindex="0"
              >
                Subtype
              </th>
              <th
                aria-colindex="7"
                aria-label="Click to sort Descending"
                class="sorting"
                tabindex="0"
              >
                Vulnerability
              </th>
              <th
                aria-colindex="8"
                aria-label="Click to sort Descending"
                class="sorting"
                tabindex="0"
              >
                Size-kmÂ²
              </th>
              <th
                aria-colindex="9"
                aria-label="Click to sort Descending"
                class="sorting"
                tabindex="0"
              >
                Productivity
              </th>
              <th
                aria-colindex="10"
                aria-label="Click to sort Descending"
                class="sorting"
                tabindex="0"
              >
                Demand
              </th>
              <th
                aria-colindex="11"
                aria-label="Click to sort Descending"
                class="sorting"
                tabindex="0"
              >
                Year of mapping
              </th>
            </tr>
          </thead>
          <!---->
          <tbody
            class=""
          >
            <!---->
            <tr
              class=""
            >
              <td
                aria-colindex="1"
                class=""
              >
                <p
                  class="aquifer-id"
                >
                  4
                </p>
              </td>
              <td
                aria-colindex="2"
                class=""
              >
                Aggasiz
              </td>
              <td
                aria-colindex="3"
                class=""
              >
                Aggasiz/Sea Bird Island
              </td>
              <td
                aria-colindex="4"
                class=""
              >
                
            Sand and Gravel
          
              </td>
              <td
                aria-colindex="5"
                class=""
              >
                Fraser River Sediments
              </td>
              <td
                aria-colindex="6"
                class=""
              >
                
            Unconfined sand and gravel - large river system
          
              </td>
              <td
                aria-colindex="7"
                class=""
              >
                
            High
          
              </td>
              <td
                aria-colindex="8"
                class=""
              >
                63.3
              </td>
              <td
                aria-colindex="9"
                class=""
              >
                
            High
          
              </td>
              <td
                aria-colindex="10"
                class=""
              >
                
            
          
              </td>
              <td
                aria-colindex="11"
                class=""
              >
                1993
              </td>
            </tr>
            <!---->
            <!---->
          </tbody>
        </table>
         
        <!---->
      </div>
    </div>
  </div>
</div>
`;
